=== nir ===
enum Option #0 (None, Some(?))
enum Result #1 (Ok(?), Err(?))
enum IoError #2 (NotFound, Denied, InUse, Refused, Closed, Other(String))

fn factorial #0(_0/n: I64) -> I64
    local _1: ()
    local _2: Bool
    local _3: I64
    local _4: I64
    local _5: I64
  b0:
    _2 = _0/n le 1
    branch _2 ? b1 : b2
  b1:
    return 1
  b2:
    _1 = ()
    goto b3
  b3:
    _3 = _0/n sub.i 1
    _4 = call factorial#0(_3)
    _5 = _0/n mul.i _4
    return _5

fn fib #1(_0/n: I64) -> I64
    local _1: I64
    local _2: Bool
    local _3: I64
    local _4: I64
    local _5: I64
    local _6: I64
    local _7: I64
  b0:
    _2 = _0/n lt 2
    branch _2 ? b1 : b2
  b1:
    _1 = _0/n
    goto b3
  b2:
    _3 = _0/n sub.i 1
    _4 = call fib#1(_3)
    _5 = _0/n sub.i 2
    _6 = call fib#1(_5)
    _7 = _4 add.i _6
    _1 = _7
    goto b3
  b3:
    return _1

fn classify #2(_0/n: I64) -> String
    local _1: String
    local _2: Bool
    local _3: String
    local _4: Bool
  b0:
    _2 = _0/n lt 0
    branch _2 ? b1 : b2
  b1:
    _1 = "negative"
    goto b3
  b2:
    _4 = _0/n eq 0
    branch _4 ? b4 : b5
  b3:
    return _1
  b4:
    _3 = "zero"
    goto b6
  b5:
    _3 = "positive"
    goto b6
  b6:
    _1 = _3
    goto b3

fn trace #3(_0/label: String, _1/value: Bool) -> Bool
    local _2: String
    local _3: ()
  b0:
    _2 = "  evaluated " concat _0/label
    _3 = builtin print(_2)
    return _1/value

fn main #4() -> ()
    local _0/precedence: I64
    local _1/grouped: I64
    local _2/and_result: Bool
    local _3/or_result: Bool
    local _4/half: F64
    local _5/total: I64
    local _6: I64
    local _7: String
    local _8: String
    local _9: ()
    local _10: I64
    local _11: String
    local _12: String
    local _13: ()
    local _14: I64
    local _15: String
    local _16: String
    local _17: String
    local _18: String
    local _19: String
    local _20: String
    local _21: String
    local _22: ()
    local _23: I64
    local _24: I64
    local _25: I64
    local _26: I64
    local _27: String
    local _28: String
    local _29: ()
    local _30: I64
    local _31: I64
    local _32: I64
    local _33: I64
    local _34: String
    local _35: String
    local _36: ()
    local _37: ()
    local _38: Bool
    local _39: Bool
    local _40: Bool
    local _41: ()
    local _42: Bool
    local _43: Bool
    local _44: Bool
    local _45: String
    local _46: String
    local _47: String
    local _48: String
    local _49: ()
    local _50: F64
    local _51: ()
    local _52: I64
    local _53: I64
    local _54: I64
    local _55: I64
    local _56: String
    local _57: String
    local _58: ()
  b0:
    _6 = call factorial#0(10)
    _7 = call fmt.to_string#6(_6)
    _8 = "factorial(10) = " concat _7
    _9 = builtin print(_8)
    _10 = call fib#1(15)
    _11 = call fmt.to_string#6(_10)
    _12 = "fib(15) = " concat _11
    _13 = builtin print(_12)
    _14 = neg 3
    _15 = call classify#2(_14)
    _16 = _15 concat " "
    _17 = call classify#2(0)
    _18 = _16 concat _17
    _19 = _18 concat " "
    _20 = call classify#2(9)
    _21 = _19 concat _20
    _22 = builtin print(_21)
    _23 = 3 mul.i 4
    _24 = 2 add.i _23
    _25 = 6 div.i 2
    _26 = _24 sub.i _25
    _0/precedence = _26
    _27 = call fmt.to_string#6(_0/precedence)
    _28 = "2 + 3 * 4 - 6 / 2 = " concat _27
    _29 = builtin print(_28)
    _30 = 2 add.i 3
    _31 = 4 sub.i 6
    _32 = _30 mul.i _31
    _33 = _32 div.i 2
    _1/grouped = _33
    _34 = call fmt.to_string#6(_1/grouped)
    _35 = "(2 + 3) * (4 - 6) / 2 = " concat _34
    _36 = builtin print(_35)
    _37 = builtin print("short circuit &&:")
    _39 = call trace#3("left", false)
    _38 = _39
    branch _38 ? b1 : b2
  b1:
    _40 = call trace#3("right", true)
    _38 = _40
    goto b2
  b2:
    _2/and_result = _38
    _41 = builtin print("short circuit ||:")
    _43 = call trace#3("left", true)
    _42 = _43
    branch _42 ? b4 : b3
  b3:
    _44 = call trace#3("right", true)
    _42 = _44
    goto b4
  b4:
    _3/or_result = _42
    _45 = call describe_bool#5(_2/and_result)
    _46 = _45 concat " "
    _47 = call describe_bool#5(_3/or_result)
    _48 = _46 concat _47
    _49 = builtin print(_48)
    _50 = 7.5 div.f 2.0
    _4/half = _50
    _51 = builtin print(_4/half)
    _5/total = 0
    _52 = call factorial#0(5)
    _53 = _5/total add.i _52
    _5/total = _53
    _54 = call fib#1(10)
    _55 = _5/total add.i _54
    _5/total = _55
    _56 = call fmt.to_string#6(_5/total)
    _57 = "mutated total = " concat _56
    _58 = builtin print(_57)
    return _58

fn describe_bool #5(_0/value: Bool) -> String
    local _1: String
  b0:
    branch _0/value ? b1 : b2
  b1:
    _1 = "true"
    goto b3
  b2:
    _1 = "false"
    goto b3
  b3:
    return _1

fn fmt.to_string #6(_0/n: I64) -> String
    local _1/rest: I64
    local _2/out: String
    local _3: I64
    local _4: Bool
    local _5: I64
    local _6: I64
    local _7: String
    local _8: Bool
    local _9: I64
    local _10: I64
    local _11: String
    local _12: String
    local _13: String
    local _14: Bool
    local _15: String
  b0:
    _4 = _0/n lt 0
    branch _4 ? b1 : b2
  b1:
    _5 = 0 sub.i _0/n
    _3 = _5
    goto b3
  b2:
    _3 = _0/n
    goto b3
  b3:
    _1/rest = _3
    _6 = _1/rest rem.i 10
    _7 = call fmt.digit#8(_6)
    _2/out = _7
    goto b4
  b4:
    _8 = _1/rest gt 9
    branch _8 ? b6 : b5
  b5:
    _14 = _0/n lt 0
    branch _14 ? b7 : b8
  b6:
    _9 = _1/rest div.i 10
    _1/rest = _9
    _10 = _1/rest rem.i 10
    _11 = call fmt.digit#8(_10)
    _12 = _11 concat _2/out
    _2/out = _12
    goto b4
  b7:
    _15 = "-" concat _2/out
    _13 = _15
    goto b9
  b8:
    _13 = _2/out
    goto b9
  b9:
    return _13

fn fmt.to_int #7(_0/s: String) -> Option<I64>
    local _1/data: Bytes
    local _2/len: I64
    local _3/i: I64
    local _4/negative: Bool
    local _5/value: I64
    local _6/b: I64
    local _7: Bytes
    local _8: I64
    local _9: ()
    local _10: Bool
    local _11: Option<I64>
    local _12: ()
    local _13: I64
    local _14: Bool
    local _15: ()
    local _16: Bool
    local _17: Option<I64>
    local _18: Bool
    local _19: I64
    local _20: ()
    local _21: Bool
    local _22: Bool
    local _23: Bool
    local _24: Option<I64>
    local _25: I64
    local _26: I64
    local _27: I64
    local _28: I64
    local _29: Option<I64>
    local _30: I64
    local _31: Option<I64>
    local _32: Option<I64>
  b0:
    _7 = builtin bytes(_0/s)
    _1/data = _7
    _8 = builtin bytes_len(_1/data)
    _2/len = _8
    _3/i = 0
    _4/negative = false
    _10 = _2/len eq 0
    branch _10 ? b1 : b2
  b1:
    _11 = Option.None()
    return _11
  b2:
    _9 = ()
    goto b3
  b3:
    _13 = builtin bytes_at(_1/data, 0)
    _14 = _13 eq 45
    branch _14 ? b4 : b5
  b4:
    _4/negative = true
    _3/i = 1
    _12 = ()
    goto b6
  b5:
    _12 = ()
    goto b6
  b6:
    _16 = _3/i eq _2/len
    branch _16 ? b7 : b8
  b7:
    _17 = Option.None()
    return _17
  b8:
    _15 = ()
    goto b9
  b9:
    _5/value = 0
    goto b10
  b10:
    _18 = _3/i lt _2/len
    branch _18 ? b12 : b11
  b11:
    branch _4/negative ? b18 : b19
  b12:
    _19 = builtin bytes_at(_1/data, _3/i)
    _6/b = _19
    _22 = _6/b lt 48
    _21 = _22
    branch _21 ? b14 : b13
  b13:
    _23 = _6/b gt 57
    _21 = _23
    goto b14
  b14:
    branch _21 ? b15 : b16
  b15:
    _24 = Option.None()
    return _24
  b16:
    _20 = ()
    goto b17
  b17:
    _25 = _5/value mul.i 10
    _26 = _6/b sub.i 48
    _27 = _25 add.i _26
    _5/value = _27
    _28 = _3/i add.i 1
    _3/i = _28
    goto b10
  b18:
    _30 = 0 sub.i _5/value
    _31 = Option.Some(_30)
    _29 = _31
    goto b20
  b19:
    _32 = Option.Some(_5/value)
    _29 = _32
    goto b20
  b20:
    return _29

fn fmt.digit #8(_0/n: I64) -> String
    local _1: String
    local _2: Bool
    local _3: Bool
    local _4: Bool
    local _5: Bool
    local _6: Bool
    local _7: Bool
    local _8: Bool
    local _9: Bool
    local _10: Bool
    local _11: Bool
  b0:
    goto b2
  b1:
    return _1
  b2:
    _2 = _0/n eq 0
    branch _2 ? b13 : b3
  b3:
    _3 = _0/n eq 1
    branch _3 ? b14 : b4
  b4:
    _4 = _0/n eq 2
    branch _4 ? b15 : b5
  b5:
    _5 = _0/n eq 3
    branch _5 ? b16 : b6
  b6:
    _6 = _0/n eq 4
    branch _6 ? b17 : b7
  b7:
    _7 = _0/n eq 5
    branch _7 ? b18 : b8
  b8:
    _8 = _0/n eq 6
    branch _8 ? b19 : b9
  b9:
    _9 = _0/n eq 7
    branch _9 ? b20 : b10
  b10:
    _10 = _0/n eq 8
    branch _10 ? b21 : b11
  b11:
    _11 = _0/n eq 9
    branch _11 ? b22 : b12
  b12:
    goto b23
  b13:
    _1 = "0"
    goto b1
  b14:
    _1 = "1"
    goto b1
  b15:
    _1 = "2"
    goto b1
  b16:
    _1 = "3"
    goto b1
  b17:
    _1 = "4"
    goto b1
  b18:
    _1 = "5"
    goto b1
  b19:
    _1 = "6"
    goto b1
  b20:
    _1 = "7"
    goto b1
  b21:
    _1 = "8"
    goto b1
  b22:
    _1 = "9"
    goto b1
  b23:
    _1 = "?"
    goto b1

fn fmt.Display.to_string for I64 #9(_0/value: I64) -> String
    local _1: String
  b0:
    _1 = call fmt.to_string#6(_0/value)
    return _1

=== output ===
factorial(10) = 3628800
fib(15) = 610
negative zero positive
2 + 3 * 4 - 6 / 2 = 11
(2 + 3) * (4 - 6) / 2 = -5
short circuit &&:
  evaluated left
short circuit ||:
  evaluated left
false true
3.75
mutated total = 175
=== result ===
()
