=== nir ===
enum Option #0 (None/0, Some/1)
enum Result #1 (Ok/1, Err/1)
enum IoError #2 (NotFound/0, Denied/0, InUse/0, Refused/0, Closed/0, Other/1)

fn main #0()
    local _0/data
    local _1/head
    local _2/text
    local _3/snowman
    local _4/text
    local _5/sum
    local _6/i
    local _7/text
    local _8
    local _9
    local _10
    local _11
    local _12
    local _13
    local _14
    local _15
    local _16
    local _17
    local _18
    local _19
    local _20
    local _21
    local _22
    local _23
    local _24
    local _25
    local _26
    local _27
    local _28
    local _29
    local _30
    local _31
    local _32
    local _33
    local _34
    local _35
    local _36
    local _37
    local _38
    local _39
    local _40
    local _41
    local _42
    local _43
    local _44
    local _45
    local _46
    local _47
    local _48
    local _49
    local _50
    local _51
    local _52
    local _53
    local _54
    local _55
    local _56
    local _57
    local _58
    local _59
    local _60
    local _61
  b0:
    _8 = builtin bytes("hello, norn")
    _0/data = _8
    _9 = builtin print(_0/data)
    _10 = builtin bytes_len(_0/data)
    _11 = builtin print(_10)
    _12 = builtin bytes_slice(_0/data, 0, 5)
    _1/head = _12
    _14 = builtin bytes_text(_1/head)
    goto b2
  b1:
    _17 = builtin bytes("☃")
    _3/snowman = _17
    _19 = builtin bytes_slice(_3/snowman, 0, 1)
    _20 = builtin bytes_text(_19)
    goto b10
  b2:
    switch tag _14 [1 => b6] else b3
  b3:
    switch tag _14 [0 => b8] else b4
  b4:
    trap "no match arm applied"
  b5:
    _15 = builtin print(_2/text)
    _13 = _15
    goto b1
  b6:
    _2/text = _14.0
    goto b5
  b7:
    _16 = builtin print("not text")
    _13 = _16
    goto b1
  b8:
    goto b7
  b9:
    _23 = builtin bytes_at(_0/data, 0)
    _24 = builtin print(_23)
    _25 = builtin bytes_len(_0/data)
    _26 = _25 sub.i 1
    _27 = builtin bytes_at(_0/data, _26)
    _28 = builtin print(_27)
    _5/sum = 0
    _6/i = 0
    goto b17
  b10:
    switch tag _20 [1 => b14] else b11
  b11:
    switch tag _20 [0 => b16] else b12
  b12:
    trap "no match arm applied"
  b13:
    _21 = builtin print(_4/text)
    _18 = _21
    goto b9
  b14:
    _4/text = _20.0
    goto b13
  b15:
    _22 = builtin print("a torn character is not text")
    _18 = _22
    goto b9
  b16:
    goto b15
  b17:
    _29 = builtin bytes_len(_0/data)
    _30 = _6/i lt _29
    branch _30 ? b19 : b18
  b18:
    _34 = builtin print(_5/sum)
    _35 = builtin byte(110)
    _36 = builtin bytes("n")
    _37 = _35 eq _36
    _38 = builtin print(_37)
    _40 = builtin bytes("hello, ")
    _41 = builtin bytes("norn")
    _42 = builtin bytes_concat(_40, _41)
    _43 = builtin bytes_text(_42)
    goto b21
  b19:
    _31 = builtin bytes_at(_0/data, _6/i)
    _32 = _5/sum add.i _31
    _5/sum = _32
    _33 = _6/i add.i 1
    _6/i = _33
    goto b17
  b20:
    _46 = builtin bytes("")
    _47 = builtin bytes_concat(_0/data, _46)
    _48 = _47 eq _0/data
    _49 = builtin print(_48)
    _50 = builtin bytes_slice(_0/data, 7, 11)
    _51 = builtin bytes("norn")
    _52 = _50 eq _51
    _53 = builtin print(_52)
    _54 = builtin bytes("abc")
    _55 = builtin bytes("abd")
    _56 = _54 lt _55
    _57 = builtin print(_56)
    _58 = builtin bytes("")
    _59 = builtin bytes_slice(_0/data, 4, 4)
    _60 = _58 eq _59
    _61 = builtin print(_60)
    return _61
  b21:
    switch tag _43 [1 => b25] else b22
  b22:
    switch tag _43 [0 => b27] else b23
  b23:
    trap "no match arm applied"
  b24:
    _44 = builtin print(_7/text)
    _39 = _44
    goto b20
  b25:
    _7/text = _43.0
    goto b24
  b26:
    _45 = builtin print("not text")
    _39 = _45
    goto b20
  b27:
    goto b26

=== output ===
<bytes 11>
11
hello
a torn character is not text
104
110
1053
true
hello, norn
true
true
true
true
=== result ===
()
