=== nir ===
struct Report #0 (pending: I64, delivered: I64, failed: I64, swept: I64)
enum Option #0 (None, Some(?))
enum Result #1 (Ok(?), Err(?))
enum IoError #2 (NotFound, Denied, InUse, Refused, Closed, Other(String))
enum Outcome #3 (Delivered(I64), Failed)

reactor Mailbox #0()
    node 0 pending: I64 state slot 0 init Mailbox.pending.init#2 <- []
    node 1 delivered: I64 state slot 1 init Mailbox.delivered.init#3 <- []
    node 2 failed: I64 state slot 2 init Mailbox.failed.init#4 <- []
    node 3 swept: I64 state slot 3 init Mailbox.swept.init#5 <- []
    node 4 report: Report signal Mailbox.report#9 export <- [pending, delivered, failed, swept]
    order [pending, delivered, failed, swept, report]
    input 0 queued: I64 capacity 8 overflow reject handler Mailbox.on.queued#6
        plan [pending, report]
    input 1 settled: Outcome capacity 8 overflow reject handler Mailbox.on.settled#7
        plan [pending, delivered, failed, report]
    input 2 tick: () capacity 1 overflow drop_oldest handler Mailbox.on.tick#8
        plan [swept, report]
    exports [report]

task fn deliver #0(_0/id: I64) -> Outcome
    local _1: Task<()>
    local _2: ()
    local _3: Outcome
    local _4: Bool
    local _5: Outcome
    local _6: Outcome
  b0:
    _1 = task builtin sleep(_0/id)
    await _1 -> _2, resume b1
  b1:
    _4 = _0/id eq 2
    branch _4 ? b2 : b3
  b2:
    _5 = Outcome.Failed()
    _3 = _5
    goto b4
  b3:
    _6 = Outcome.Delivered(_0/id)
    _3 = _6
    goto b4
  b4:
    return _3

task fn main #1() -> ()
    local _0/mailbox: Mailbox
    local _1: Mailbox
    local _2: Input<I64>
    local _3: Task<()>
    local _4: ()
    local _5: Input<I64>
    local _6: Task<()>
    local _7: ()
    local _8: Input<I64>
    local _9: Task<()>
    local _10: ()
    local _11: Input<()>
    local _12: Task<()>
    local _13: ()
    local _14: Task<()>
    local _15: ()
    local _16: Signal<Report>
    local _17: Report
    local _18: ()
  b0:
    _1 = spawn reactor Mailbox#0()
    _0/mailbox = _1
    _2 = input 0 of _0/mailbox
    _3 = task builtin send(_2, 1)
    await _3 -> _4, resume b1
  b1:
    _5 = input 0 of _0/mailbox
    _6 = task builtin send(_5, 2)
    await _6 -> _7, resume b2
  b2:
    _8 = input 0 of _0/mailbox
    _9 = task builtin send(_8, 3)
    await _9 -> _10, resume b3
  b3:
    _11 = input 2 of _0/mailbox
    _12 = task builtin send(_11, ())
    await _12 -> _13, resume b4
  b4:
    _14 = task builtin sleep(50)
    await _14 -> _15, resume b5
  b5:
    _16 = export 0 of _0/mailbox
    _17 = builtin latest(_16)
    _18 = builtin print(_17)
    return _18

fn Mailbox.pending.init #2() -> I64
  b0:
    return 0

fn Mailbox.delivered.init #3() -> I64
  b0:
    return 0

fn Mailbox.failed.init #4() -> I64
  b0:
    return 0

fn Mailbox.swept.init #5() -> I64
  b0:
    return 0

fn Mailbox.on.queued #6(_0/id: I64, _1/pending: I64, _2/delivered: I64, _3/failed: I64, _4/swept: I64) -> ()
    local _5: I64
    local _6: Task<Outcome>
  b0:
    _5 = _1/pending add.i 1
    _1/pending = _5
    set slot 0 = _1/pending
    _6 = task deliver#0(_0/id)
    emit _6 -> input 1
    return ()

fn Mailbox.on.settled #7(_0/outcome: Outcome, _1/pending: I64, _2/delivered: I64, _3/failed: I64, _4/swept: I64) -> ()
    local _5: I64
    local _6: ()
    local _7: I64
    local _8: I64
  b0:
    _5 = _1/pending sub.i 1
    _1/pending = _5
    set slot 0 = _1/pending
    goto b2
  b1:
    return _6
  b2:
    switch tag _0/outcome [0 => b6] else b3
  b3:
    switch tag _0/outcome [1 => b8] else b4
  b4:
    trap "no match arm applied"
  b5:
    _7 = _2/delivered add.i 1
    _2/delivered = _7
    set slot 1 = _2/delivered
    _6 = ()
    goto b1
  b6:
    goto b5
  b7:
    _8 = _3/failed add.i 1
    _3/failed = _8
    set slot 2 = _3/failed
    _6 = ()
    goto b1
  b8:
    goto b7

fn Mailbox.on.tick #8(_0/pending: I64, _1/delivered: I64, _2/failed: I64, _3/swept: I64) -> ()
    local _4: I64
  b0:
    _4 = _3/swept add.i 1
    _3/swept = _4
    set slot 3 = _3/swept
    return ()

fn Mailbox.report #9(_0/pending: I64, _1/delivered: I64, _2/failed: I64, _3/swept: I64) -> Report
    local _4: Report
  b0:
    _4 = Report(_0/pending, _1/delivered, _2/failed, _3/swept)
    return _4

=== graph ===
reactor Mailbox #0()
    node 0 pending: I64 state slot 0 init Mailbox.pending.init#2 <- []
    node 1 delivered: I64 state slot 1 init Mailbox.delivered.init#3 <- []
    node 2 failed: I64 state slot 2 init Mailbox.failed.init#4 <- []
    node 3 swept: I64 state slot 3 init Mailbox.swept.init#5 <- []
    node 4 report: Report signal Mailbox.report#9 export <- [pending, delivered, failed, swept]
    order [pending, delivered, failed, swept, report]
    input 0 queued: I64 capacity 8 overflow reject handler Mailbox.on.queued#6
        plan [pending, report]
    input 1 settled: Outcome capacity 8 overflow reject handler Mailbox.on.settled#7
        plan [pending, delivered, failed, report]
    input 2 tick: () capacity 1 overflow drop_oldest handler Mailbox.on.tick#8
        plan [swept, report]
    exports [report]

=== output ===
Report(pending: 0, delivered: 2, failed: 1, swept: 1)
=== result ===
()
=== trace ===
0ms t0 spawn main root
0ms t0 resume
0ms R0 create Mailbox in t0
0ms R0 publish 0
0ms t0 park timer 50ms
0ms R0 turn 0 queued
0ms R0 commit pending
0ms R0 recompute report
0ms R0 publish 1
0ms t1 spawn deliver in t0
0ms R0 effect deliver t1 -> settled
0ms t1 resume
0ms t1 park timer 1ms
0ms R0 turn 1 queued
0ms R0 commit pending
0ms R0 recompute report
0ms R0 publish 2
0ms t2 spawn deliver in t0
0ms R0 effect deliver t2 -> settled
0ms t2 resume
0ms t2 park timer 2ms
0ms R0 turn 2 queued
0ms R0 commit pending
0ms R0 recompute report
0ms R0 publish 3
0ms t3 spawn deliver in t0
0ms R0 effect deliver t3 -> settled
0ms t3 resume
0ms t3 park timer 3ms
0ms R0 turn 3 tick
0ms R0 commit swept
0ms R0 recompute report
0ms R0 publish 4
1ms -- clock
1ms t1 resume
1ms t1 done
1ms R0 turn 4 settled
1ms R0 commit pending
1ms R0 commit delivered
1ms R0 recompute report
1ms R0 publish 5
2ms -- clock
2ms t2 resume
2ms t2 done
2ms R0 turn 5 settled
2ms R0 commit pending
2ms R0 commit failed
2ms R0 recompute report
2ms R0 publish 6
3ms -- clock
3ms t3 resume
3ms t3 done
3ms R0 turn 6 settled
3ms R0 commit pending
3ms R0 commit delivered
3ms R0 recompute report
3ms R0 publish 7
50ms -- clock
50ms t0 resume
50ms R0 stop
50ms t0 done
