error: Norn has no borrows
 --> borrows.norn:8:11
  |
8 |     conn: &Connection
  |           ^^^^^^^^^^^ `&` does not name a type
  = note: reading does not consume, so a value is passed, stored, and returned as itself
  = note: a parameter that consumes is declared `sink T`; every other position owns

error: parameters are read by default
  --> borrows.norn:12:15
   |
12 | fn peek(conn: &Connection) -> () {
   |               ^^^^^^^^^^^ `&` is not a parameter mode
   = note: write the type alone: a read takes nothing, so `&T` said nothing `T` does not
   = note: a consuming parameter is declared in the signature, `sink T`

error: Norn has no borrows
  --> borrows.norn:17:35
   |
17 | fn hand_back(conn: Connection) -> &Connection {
   |                                   ^^^^^^^^^^^ `&` does not name a type
   = note: reading does not consume, so a value is passed, stored, and returned as itself
   = note: a parameter that consumes is declared `sink T`; every other position owns

error: references are not part of Norn
  --> borrows.norn:22:18
   |
22 | fn rewrite(conn: &mut Connection) -> () {
   |                  ^^^^^^^^^^^^^^^ `&mut` names a borrow, and there are none
   = note: mutation is declared in the signature — `mut T`, the next wave of BOOTSTRAP §8 item 5
   = note: until it lands, take the value and return the successor, or hold it in a reactor's `state`

error: Norn has no borrows
  --> borrows.norn:32:24
   |
32 |             let held = &listener
   |                        ^^^^^^^^^ `&` takes nothing to take
   = note: pass the value itself: reading does not consume it
   = note: whether a call consumes is its signature's to declare (`sink T`), never the call site's

error: Norn has no borrows
  --> borrows.norn:43:26
   |
43 |     match await tcp_read(&conn) {
   |                          ^^^^^ `&` takes nothing to take
   = note: pass the value itself: reading does not consume it
   = note: whether a call consumes is its signature's to declare (`sink T`), never the call site's
