error: cannot tell what type `None` builds here
 --> inference.norn:7:17
  |
7 |     let value = None
  |                 ^^^^ no expected type at this position
  = note: annotate the binding or the return type, as in `let x: Option<I64> = …`

error: this fails with String, but the function fails with Failure
  --> inference.norn:12:17
   |
12 |     let value = fails()?
   |                 ^^^^^^^^
   = note: there is no automatic error conversion; match and rebuild the error

error: `?` applies to Result and Option, not I64
  --> inference.norn:21:17
   |
21 |     let value = 1?
   |                 ^^

error: this `match` does not cover Failure.Missing
  --> inference.norn:26:5
   |
26 |     match failure {
   |     ^^^^^^^^^^^^^^^ not exhaustive
   = note: add the missing arms, or a `_ => …` catch-all

error: this `match` on I64 needs a catch-all arm
  --> inference.norn:32:5
   |
32 |     match n {
   |     ^^^^^^^^^
   = note: add `_ => …`
