error: `conn` cannot be moved inside a loop
  --> loop-moves.norn:11:25
   |
11 |         await tcp_close(conn)
   |                         ^^^^ moved here
  --> loop-moves.norn:8:27
   |
 8 | task fn closes_every_pass(conn: Connection, passes: I64) -> () {
   |                           ^^^^ …but it was declared outside the loop
   = note: a `Connection` has one owner; the first pass of the loop hands it over, and the next would find it gone
   = note: declare it inside the loop if each pass should have its own

error: `conn` cannot be moved inside a loop
  --> loop-moves.norn:20:29
   |
20 |             await tcp_close(conn)
   |                             ^^^^ moved here
  --> loop-moves.norn:17:30
   |
17 | task fn moves_then_continues(conn: Connection, retry: Bool) -> () {
   |                              ^^^^ …but it was declared outside the loop
   = note: a `Connection` has one owner; the first pass of the loop hands it over, and the next would find it gone
   = note: declare it inside the loop if each pass should have its own

error: `conn` cannot be moved inside a loop
  --> loop-moves.norn:29:20
   |
29 |     while consumes(conn) {
   |                    ^^^^ moved here
  --> loop-moves.norn:28:32
   |
28 | task fn moves_in_the_condition(conn: Connection) -> () {
   |                                ^^^^ …but it was declared outside the loop
   = note: a `Connection` has one owner; the first pass of the loop hands it over, and the next would find it gone
   = note: declare it inside the loop if each pass should have its own
