error: `conn` has already been moved
  --> moves.norn:17:21
   |
17 |     await tcp_close(conn)
   |                     ^^^^ used here
  --> moves.norn:16:21
   |
16 |     await tcp_close(conn)
   |                     ^^^^ moved here
   = note: a `Connection` has one owner, and using it as a value is what hands it over
   = note: reads are unmarked and take nothing; what consumes is a `sink` position, a constructor payload, or a deconstructing `match`

error: `conn` has already been moved
  --> moves.norn:22:26
   |
22 |     match await tcp_read(conn) {
   |                          ^^^^ used here
  --> moves.norn:21:21
   |
21 |     await tcp_close(conn)
   |                     ^^^^ moved here
   = note: a `Connection` has one owner, and using it as a value is what hands it over
   = note: reads are unmarked and take nothing; what consumes is a `sink` position, a constructor payload, or a deconstructing `match`

error: `conn` has already been moved
  --> moves.norn:36:21
   |
36 |         spawn serve(conn)
   |                     ^^^^ used here
  --> moves.norn:35:21
   |
35 |         spawn serve(conn)
   |                     ^^^^ moved here
   = note: a `Connection` has one owner, and using it as a value is what hands it over
   = note: reads are unmarked and take nothing; what consumes is a `sink` position, a constructor payload, or a deconstructing `match`

error: `conn` has already been moved
  --> moves.norn:46:26
   |
46 |     match await tcp_read(conn) {
   |                          ^^^^ used here
  --> moves.norn:44:25
   |
44 |         await tcp_close(conn)
   |                         ^^^^ moved here
   = note: a `Connection` has one owner, and using it as a value is what hands it over
   = note: reads are unmarked and take nothing; what consumes is a `sink` position, a constructor payload, or a deconstructing `match`

error: `conn` cannot be moved out of a `Session`
  --> moves.norn:55:21
   |
55 |     await tcp_close(session.conn)
   |                     ^^^^^^^^^^^^ this would leave the rest of the value with no owner
   = note: an owned value moves whole; `match` is what takes one apart, as in `match session { Session(conn: conn) => … }`
   = note: a position that only reads can be handed the whole value: reads are unmarked, and take nothing

error: `closing` has already been moved
  --> moves.norn:63:11
   |
63 |     await closing
   |           ^^^^^^^ used here
  --> moves.norn:62:11
   |
62 |     await closing
   |           ^^^^^^^ moved here
   = note: a `Task<()>` has one owner, and using it as a value is what hands it over
   = note: a task is work to be done once; build another call if it should happen again
