error: `conn` has already been moved
  --> moves.norn:19:21
   |
19 |     await tcp_close(conn)
   |                     ^^^^ used here
  --> moves.norn:18:21
   |
18 |     await tcp_close(conn)
   |                     ^^^^ moved here
   = note: a `Connection` has one owner, and using it as a value is what hands it over
   = note: `&conn` is how a call looks at it without taking it

error: `conn` has already been moved
  --> moves.norn:26:26
   |
26 |     match await tcp_read(&conn) {
   |                          ^^^^^ used here
  --> moves.norn:25:21
   |
25 |     await tcp_close(conn)
   |                     ^^^^ moved here
   = note: a `Connection` has one owner, and using it as a value is what hands it over
   = note: `&conn` is how a call looks at it without taking it

error: `conn` has already been moved
  --> moves.norn:44:21
   |
44 |         spawn serve(conn)
   |                     ^^^^ used here
  --> moves.norn:43:21
   |
43 |         spawn serve(conn)
   |                     ^^^^ moved here
   = note: a `Connection` has one owner, and using it as a value is what hands it over
   = note: `&conn` is how a call looks at it without taking it

error: `conn` has already been moved
  --> moves.norn:56:26
   |
56 |     match await tcp_read(&conn) {
   |                          ^^^^^ used here
  --> moves.norn:54:25
   |
54 |         await tcp_close(conn)
   |                         ^^^^ moved here
   = note: a `Connection` has one owner, and using it as a value is what hands it over
   = note: `&conn` is how a call looks at it without taking it

error: `conn` cannot be moved out of a `Session`
  --> moves.norn:67:21
   |
67 |     await tcp_close(session.conn)
   |                     ^^^^^^^^^^^^ this would leave the rest of the value with no owner
   = note: an owned value moves whole; `match` is what takes one apart, as in `match session { #Session(conn: conn) => … }`
   = note: to read it without taking it, write `&`

error: `closing` has already been moved
  --> moves.norn:77:11
   |
77 |     await closing
   |           ^^^^^^^ used here
  --> moves.norn:76:11
   |
76 |     await closing
   |           ^^^^^^^ moved here
   = note: a `Task<()>` has one owner, and using it as a value is what hands it over
   = note: a task is work to be done once; build another call if it should happen again
