error: `T` cannot declare a bound here
  --> traits.norn:22:16
   |
22 | struct Wrapper<T: Eq> {
   |                ^^^^^ bounds live on functions
   = note: a type holds values of any shape; the function that operates on them is where `T: Eq` belongs

error: unknown trait `Prettify`
  --> traits.norn:27:12
   |
27 | fn show<T: Prettify>(value: T) -> String {
   |            ^^^^^^^^

error: none of `T`'s bounds provides `label`
  --> traits.norn:33:11
   |
33 |     value.label()
   |           ^^^^^ not in the bounds
   = note: a method on `T` must come from a declared bound; here that is `Display`

error: `Eq` cannot be implemented by hand
  --> traits.norn:37:6
   |
37 | impl Eq for Post {}
   |      ^^ compiler-defined
   = note: exactly `I64`, `F64`, `Bool`, `String`, and `Bytes` are `Eq`; derived equality for your own types arrives with BOOTSTRAP.md §8 item 9

error: `Display` is already implemented for `Post`
  --> traits.norn:46:1
   |
46 | impl Display for Post {
   | ^^^^^^^^^^^^^^^^^^^^^^^ second impl
   = note: one impl per trait and type, program-wide; the other is earlier in this file

error: `impl Label for Post` does not implement `label`
  --> traits.norn:53:1
   |
53 | impl Label for Post {}
   | ^^^^^^^^^^^^^^^^^^^^^^ incomplete impl
   = note: a type implements all of a trait or none of it

error: `contains` requires `T: Eq`, and `Post` is not `Eq`
  --> traits.norn:56:13
   |
56 |     let a = contains(Post(id: 1), Post(id: 1))
   |             ^^^^^^^^^^^^^^^^^^^^^^^^^^^^^^^^^^ `T` is `Post` here
   = note: `Eq` is compiler-defined: exactly `I64`, `F64`, `Bool`, `String`, and `Bytes` satisfy it until derived equality lands (BOOTSTRAP.md §8 item 9)

error: a trait member declares no capabilities
  --> traits.norn:64:9
   |
64 |         uses { clock }
   |         ^^^^^^^^^^^^^^ `uses` on a trait member
   = note: the trait fixes the signature; what a method reaches is its own impl's business, inferred from that impl's body like any other function's

error: `wake` and `Wake`'s declaration disagree about whether the method is a task
  --> traits.norn:78:5
   |
78 |     fn wake(value: Self) -> () {
   |     ^^^^^^^^^^^^^^^^^^^^^^^^^^^^ plain `fn` here
   = note: `Wake` declares `task fn wake`; whether a call builds a task is part of the contract, and every impl spells the same word

error: `rest` and `Rest`'s declaration disagree about whether the method is a task
  --> traits.norn:84:5
   |
84 |     task fn rest(value: Self) -> () {
   |     ^^^^^^^^^^^^^^^^^^^^^^^^^^^^^^^^^ `task fn` here
   = note: `Rest` declares `fn rest`; whether a call builds a task is part of the contract, and every impl spells the same word

error: an impl function declares no capabilities
  --> traits.norn:96:9
   |
96 |         uses { clock }
   |         ^^^^^^^^^^^^^^ `uses` on a method
   = note: what the body reaches is inferred; a method's caller sees that set through the call like any other

error: `Meter` already has an input named `tick`
   --> traits.norn:122:8
    |
122 |     fn tick(value: Self) -> I64 {
    |        ^^^^ a method may not shadow a member
    = note: `handle.tick` reaches the member and `handle.tick()` would reach the method; the handle's own surface wins, so give the method another name

error: `Meter` already has an exported signal named `level`
   --> traits.norn:126:8
    |
126 |     fn level(value: Self) -> I64 {
    |        ^^^^^ a method may not shadow a member
    = note: `handle.level` reaches the member and `handle.level()` would reach the method; the handle's own surface wins, so give the method another name
