error: expected an import list or `* as` after `import`, found `fmt`
 --> imports.norn:1:8
  |
1 | import fmt from "./fmt"
  |        ^^^
  = note: imports are written `import { digits } from "./fmt"` or `import * as fmt from "./fmt"`

error: expected `from "…"` naming the module's file, found `of`
 --> imports.norn:7:19
  |
7 | import { digits } of "./fmt"
  |                   ^^
  = note: imports are written `import { digits } from "./fmt"` or `import * as fmt from "./fmt"`

error: an import list cannot be empty
  --> imports.norn:13:9
   |
13 | import {} from "./fmt"
   |         ^ nothing named
   = note: name something to import, or drop the line
