error: expected `:`, found `String`
 --> declarations.norn:2:10
  |
2 |     name String
  |          ^^^^^^

error: only a `task fn` may declare capabilities
 --> declarations.norn:6:5
  |
6 |     uses { fs.read }
  |     ^^^^ `uses` on an ordinary function
  = note: ordinary functions are pure; move the effectful work into a `task fn`

error: expected `)`, found `->`
  --> declarations.norn:11:20
   |
11 | fn unclosed(a: I64 -> I64 {
   |                    ^^
