error: expected a line break between statements, found `let`
 --> statements.norn:2:15
  |
2 |     let a = 1 let b = 2
  |               ^^^

error: statements are separated by line breaks, not `;`
 --> statements.norn:7:14
  |
7 |     let a = 1;
  |              ^

error: `event` is reserved for a later milestone
  --> statements.norn:12:9
   |
12 |     let event = 1
   |         ^^^^^ reserved word
   = note: it cannot be used as a name yet; see BOOTSTRAP.md §5 for when it becomes available

error: expected a name, found `state`
  --> statements.norn:17:9
   |
17 |     let state = 1
   |         ^^^^^
